// Jest Snapshot v1, https://goo.gl/fbAQLP

exports[`Navbar Component Tests should render 1`] = `
Object {
  "asFragment": [Function],
  "baseElement": <body>
    <div>
      <div
        class="ui top fixed ui center aligned middle aligned grid navbar menu"
      >
        <div
          class="one wide column"
        >
          <button
            class="ui basic compact button"
          >
            <i
              aria-hidden="true"
              class="blue bars big fitted icon"
            />
          </button>
        </div>
        <div
          class="three wide column"
        >
          <a
            href="/"
          >
            <img
              class="ui image"
              src="culpa.svg"
            />
          </a>
        </div>
        <div
          class="nine wide column"
        >
          <form
            class="ui form"
          >
            <div
              class="ui error message"
            >
              <div
                class="content"
              >
                <div
                  class="header"
                >
                  Error
                </div>
              </div>
            </div>
            <div
              class="field"
            >
              <div
                class="ui fluid search"
              >
                <div
                  class="ui icon input"
                >
                  <input
                    aria-invalid="true"
                    autocomplete="off"
                    class="prompt"
                    id="form-input-NavbarSearchbar"
                    name="NavbarSearchbar"
                    tabindex="0"
                    type="text"
                    value=""
                  />
                  <i
                    aria-hidden="true"
                    class="search icon"
                  />
                </div>
                <div
                  class="results transition"
                >
                  <div
                    class="message empty"
                  >
                    <div
                      class="header"
                    >
                      No results found
                    </div>
                  </div>
                </div>
              </div>
            </div>
          </form>
        </div>
        <div
          class="three wide column"
        >
          <a
            href="/review/submit"
          >
            <button
              class="ui orange fluid button  create-review-button"
            >
              WRITE A REVIEW 
              
            </button>
          </a>
        </div>
      </div>
      <div
        class="ui container root-container"
      >
        <div
          class="ui borderless vertical ui overlay left sidebar menu"
        >
          <a
            class="item sidebar-header"
            href="/"
          >
            WELCOME TO CULPA!
          </a>
          <a
            class="item"
            href="/"
          >
            Home
            <i
              aria-hidden="true"
              class="blue angle right large icon"
            />
          </a>
          <a
            class="item"
            href="/about"
          >
            About
            <i
              aria-hidden="true"
              class="blue angle right large icon"
            />
          </a>
          <a
            class="item"
            href="/departments"
          >
            Departments
            <i
              aria-hidden="true"
              class="blue angle right large icon"
            />
          </a>
          <a
            class="item"
            href="/join-the-team"
          >
            Join the Team
            <i
              aria-hidden="true"
              class="blue angle right large icon"
            />
          </a>
          <a
            class="item"
            href="/login"
          >
            Login
            <i
              aria-hidden="true"
              class="blue angle right large icon"
            />
          </a>
        </div>
        <div
          class="pushable"
        >
          <div
            class="pusher"
          />
        </div>
      </div>
      <div
        class="ui middle aligned two column grid footer"
      >
        <div
          class="center aligned column"
        >
          <img
            class="ui centered image"
            src="culpa.svg"
          />
          <i
            aria-hidden="true"
            class="blue copyright outline small icon"
          />
          <span
            style="color: rgb(130, 183, 232);"
          >
            1997-2020
          </span>
        </div>
        <div
          class="left aligned column"
        >
          <div
            class="row"
          >
            <a
              class="footer-link"
              href="/"
            >
              About
            </a>
          </div>
          <div
            class="row"
          >
            <a
              class="footer-link"
              href="/join-the-team"
            >
              Join The Team
            </a>
          </div>
          <div
            class="row"
          >
            <i
              aria-hidden="true"
              class="blue mail small icon"
            />
            <span
              class="footer-link"
            >
              admin@culpa.info
            </span>
          </div>
        </div>
      </div>
    </div>
  </body>,
  "container": <div>
    <div
      class="ui top fixed ui center aligned middle aligned grid navbar menu"
    >
      <div
        class="one wide column"
      >
        <button
          class="ui basic compact button"
        >
          <i
            aria-hidden="true"
            class="blue bars big fitted icon"
          />
        </button>
      </div>
      <div
        class="three wide column"
      >
        <a
          href="/"
        >
          <img
            class="ui image"
            src="culpa.svg"
          />
        </a>
      </div>
      <div
        class="nine wide column"
      >
        <form
          class="ui form"
        >
          <div
            class="ui error message"
          >
            <div
              class="content"
            >
              <div
                class="header"
              >
                Error
              </div>
            </div>
          </div>
          <div
            class="field"
          >
            <div
              class="ui fluid search"
            >
              <div
                class="ui icon input"
              >
                <input
                  aria-invalid="true"
                  autocomplete="off"
                  class="prompt"
                  id="form-input-NavbarSearchbar"
                  name="NavbarSearchbar"
                  tabindex="0"
                  type="text"
                  value=""
                />
                <i
                  aria-hidden="true"
                  class="search icon"
                />
              </div>
              <div
                class="results transition"
              >
                <div
                  class="message empty"
                >
                  <div
                    class="header"
                  >
                    No results found
                  </div>
                </div>
              </div>
            </div>
          </div>
        </form>
      </div>
      <div
        class="three wide column"
      >
        <a
          href="/review/submit"
        >
          <button
            class="ui orange fluid button  create-review-button"
          >
            WRITE A REVIEW 
            
          </button>
        </a>
      </div>
    </div>
    <div
      class="ui container root-container"
    >
      <div
        class="ui borderless vertical ui overlay left sidebar menu"
      >
        <a
          class="item sidebar-header"
          href="/"
        >
          WELCOME TO CULPA!
        </a>
        <a
          class="item"
          href="/"
        >
          Home
          <i
            aria-hidden="true"
            class="blue angle right large icon"
          />
        </a>
        <a
          class="item"
          href="/about"
        >
          About
          <i
            aria-hidden="true"
            class="blue angle right large icon"
          />
        </a>
        <a
          class="item"
          href="/departments"
        >
          Departments
          <i
            aria-hidden="true"
            class="blue angle right large icon"
          />
        </a>
        <a
          class="item"
          href="/join-the-team"
        >
          Join the Team
          <i
            aria-hidden="true"
            class="blue angle right large icon"
          />
        </a>
        <a
          class="item"
          href="/login"
        >
          Login
          <i
            aria-hidden="true"
            class="blue angle right large icon"
          />
        </a>
      </div>
      <div
        class="pushable"
      >
        <div
          class="pusher"
        />
      </div>
    </div>
    <div
      class="ui middle aligned two column grid footer"
    >
      <div
        class="center aligned column"
      >
        <img
          class="ui centered image"
          src="culpa.svg"
        />
        <i
          aria-hidden="true"
          class="blue copyright outline small icon"
        />
        <span
          style="color: rgb(130, 183, 232);"
        >
          1997-2020
        </span>
      </div>
      <div
        class="left aligned column"
      >
        <div
          class="row"
        >
          <a
            class="footer-link"
            href="/"
          >
            About
          </a>
        </div>
        <div
          class="row"
        >
          <a
            class="footer-link"
            href="/join-the-team"
          >
            Join The Team
          </a>
        </div>
        <div
          class="row"
        >
          <i
            aria-hidden="true"
            class="blue mail small icon"
          />
          <span
            class="footer-link"
          >
            admin@culpa.info
          </span>
        </div>
      </div>
    </div>
  </div>,
  "debug": [Function],
  "findAllByAltText": [Function],
  "findAllByDisplayValue": [Function],
  "findAllByLabelText": [Function],
  "findAllByPlaceholderText": [Function],
  "findAllByRole": [Function],
  "findAllByTestId": [Function],
  "findAllByText": [Function],
  "findAllByTitle": [Function],
  "findByAltText": [Function],
  "findByDisplayValue": [Function],
  "findByLabelText": [Function],
  "findByPlaceholderText": [Function],
  "findByRole": [Function],
  "findByTestId": [Function],
  "findByText": [Function],
  "findByTitle": [Function],
  "getAllByAltText": [Function],
  "getAllByDisplayValue": [Function],
  "getAllByLabelText": [Function],
  "getAllByPlaceholderText": [Function],
  "getAllByRole": [Function],
  "getAllByTestId": [Function],
  "getAllByText": [Function],
  "getAllByTitle": [Function],
  "getByAltText": [Function],
  "getByDisplayValue": [Function],
  "getByLabelText": [Function],
  "getByPlaceholderText": [Function],
  "getByRole": [Function],
  "getByTestId": [Function],
  "getByText": [Function],
  "getByTitle": [Function],
  "queryAllByAltText": [Function],
  "queryAllByDisplayValue": [Function],
  "queryAllByLabelText": [Function],
  "queryAllByPlaceholderText": [Function],
  "queryAllByRole": [Function],
  "queryAllByTestId": [Function],
  "queryAllByText": [Function],
  "queryAllByTitle": [Function],
  "queryByAltText": [Function],
  "queryByDisplayValue": [Function],
  "queryByLabelText": [Function],
  "queryByPlaceholderText": [Function],
  "queryByRole": [Function],
  "queryByTestId": [Function],
  "queryByText": [Function],
  "queryByTitle": [Function],
  "rerender": [Function],
  "unmount": [Function],
}
`;
